// Jest Snapshot v1, https://goo.gl/fbAQLP

exports[`TblComponent renders ok and works ok 1`] = `ShallowWrapper {}`;
