// Jest Snapshot v1, https://goo.gl/fbAQLP

exports[`TblCont renders ok and works ok 1`] = `ShallowWrapper {}`;
